[0.450s] DEBUG:colcon:Command line arguments: ['/usr/bin/colcon', 'build']
[0.451s] DEBUG:colcon:Parsed command line arguments: Namespace(log_base=None, log_level=None, verb_name='build', build_base='build', install_base='install', merge_install=False, symlink_install=False, test_result_base=None, continue_on_error=False, executor='parallel', parallel_workers=3, event_handlers=None, ignore_user_meta=False, metas=['./colcon.meta'], base_paths=['.'], packages_ignore=None, packages_ignore_regex=None, paths=None, packages_up_to=None, packages_up_to_regex=None, packages_above=None, packages_above_and_dependencies=None, packages_above_depth=None, packages_select_by_dep=None, packages_skip_by_dep=None, packages_skip_up_to=None, packages_select_build_failed=False, packages_skip_build_finished=False, packages_select_test_failures=False, packages_skip_test_passed=False, packages_select=None, packages_skip=None, packages_select_regex=None, packages_skip_regex=None, packages_start=None, packages_end=None, allow_overriding=[], cmake_args=None, cmake_target=None, cmake_target_skip_unavailable=False, cmake_clean_cache=False, cmake_clean_first=False, cmake_force_configure=False, ament_cmake_args=None, catkin_cmake_args=None, catkin_skip_building_tests=False, mixin_files=None, mixin=None, verb_parser=<colcon_mixin.mixin.mixin_argument.MixinArgumentDecorator object at 0x738dca4a48b0>, verb_extension=<colcon_core.verb.build.BuildVerb object at 0x738dca5a1f30>, main=<bound method BuildVerb.main of <colcon_core.verb.build.BuildVerb object at 0x738dca5a1f30>>, mixin_verb=('build',))
[1.125s] Level 1:colcon.colcon_core.package_discovery:discover_packages(colcon_meta) check parameters
[1.125s] Level 1:colcon.colcon_core.package_discovery:discover_packages(recursive) check parameters
[1.126s] Level 1:colcon.colcon_core.package_discovery:discover_packages(ignore) check parameters
[1.126s] Level 1:colcon.colcon_core.package_discovery:discover_packages(path) check parameters
[1.156s] Level 1:colcon.colcon_core.package_discovery:discover_packages(colcon_meta) discover
[1.157s] Level 1:colcon.colcon_core.package_discovery:discover_packages(recursive) discover
[1.160s] INFO:colcon.colcon_core.package_discovery:Crawling recursively for packages in '/home/oshii/sim_ws'
[1.161s] Level 1:colcon.colcon_core.package_identification:_identify(.) by extensions ['ignore', 'ignore_ament_install']
[1.161s] Level 1:colcon.colcon_core.package_identification:_identify(.) by extension 'ignore'
[1.162s] Level 1:colcon.colcon_core.package_identification:_identify(.) by extension 'ignore_ament_install'
[1.162s] Level 1:colcon.colcon_core.package_identification:_identify(.) by extensions ['colcon_pkg']
[1.162s] Level 1:colcon.colcon_core.package_identification:_identify(.) by extension 'colcon_pkg'
[1.162s] Level 1:colcon.colcon_core.package_identification:_identify(.) by extensions ['colcon_meta']
[1.162s] Level 1:colcon.colcon_core.package_identification:_identify(.) by extension 'colcon_meta'
[1.162s] Level 1:colcon.colcon_core.package_identification:_identify(.) by extensions ['ros']
[1.162s] Level 1:colcon.colcon_core.package_identification:_identify(.) by extension 'ros'
[1.193s] Level 1:colcon.colcon_core.package_identification:_identify(.) by extensions ['cmake', 'python']
[1.193s] Level 1:colcon.colcon_core.package_identification:_identify(.) by extension 'cmake'
[1.193s] Level 1:colcon.colcon_core.package_identification:_identify(.) by extension 'python'
[1.194s] Level 1:colcon.colcon_core.package_identification:_identify(.) by extensions ['python_setup_py']
[1.194s] Level 1:colcon.colcon_core.package_identification:_identify(.) by extension 'python_setup_py'
[1.194s] Level 1:colcon.colcon_core.package_identification:_identify(build) by extensions ['ignore', 'ignore_ament_install']
[1.194s] Level 1:colcon.colcon_core.package_identification:_identify(build) by extension 'ignore'
[1.194s] Level 1:colcon.colcon_core.package_identification:_identify(build) ignored
[1.194s] Level 1:colcon.colcon_core.package_identification:_identify(install) by extensions ['ignore', 'ignore_ament_install']
[1.194s] Level 1:colcon.colcon_core.package_identification:_identify(install) by extension 'ignore'
[1.194s] Level 1:colcon.colcon_core.package_identification:_identify(install) ignored
[1.194s] Level 1:colcon.colcon_core.package_identification:_identify(log) by extensions ['ignore', 'ignore_ament_install']
[1.195s] Level 1:colcon.colcon_core.package_identification:_identify(log) by extension 'ignore'
[1.195s] Level 1:colcon.colcon_core.package_identification:_identify(log) ignored
[1.195s] Level 1:colcon.colcon_core.package_identification:_identify(src) by extensions ['ignore', 'ignore_ament_install']
[1.195s] Level 1:colcon.colcon_core.package_identification:_identify(src) by extension 'ignore'
[1.195s] Level 1:colcon.colcon_core.package_identification:_identify(src) by extension 'ignore_ament_install'
[1.195s] Level 1:colcon.colcon_core.package_identification:_identify(src) by extensions ['colcon_pkg']
[1.195s] Level 1:colcon.colcon_core.package_identification:_identify(src) by extension 'colcon_pkg'
[1.195s] Level 1:colcon.colcon_core.package_identification:_identify(src) by extensions ['colcon_meta']
[1.195s] Level 1:colcon.colcon_core.package_identification:_identify(src) by extension 'colcon_meta'
[1.195s] Level 1:colcon.colcon_core.package_identification:_identify(src) by extensions ['ros']
[1.195s] Level 1:colcon.colcon_core.package_identification:_identify(src) by extension 'ros'
[1.196s] Level 1:colcon.colcon_core.package_identification:_identify(src) by extensions ['cmake', 'python']
[1.196s] Level 1:colcon.colcon_core.package_identification:_identify(src) by extension 'cmake'
[1.196s] Level 1:colcon.colcon_core.package_identification:_identify(src) by extension 'python'
[1.196s] Level 1:colcon.colcon_core.package_identification:_identify(src) by extensions ['python_setup_py']
[1.196s] Level 1:colcon.colcon_core.package_identification:_identify(src) by extension 'python_setup_py'
[1.196s] Level 1:colcon.colcon_core.package_identification:_identify(src/vision_bot) by extensions ['ignore', 'ignore_ament_install']
[1.196s] Level 1:colcon.colcon_core.package_identification:_identify(src/vision_bot) by extension 'ignore'
[1.196s] Level 1:colcon.colcon_core.package_identification:_identify(src/vision_bot) by extension 'ignore_ament_install'
[1.196s] Level 1:colcon.colcon_core.package_identification:_identify(src/vision_bot) by extensions ['colcon_pkg']
[1.196s] Level 1:colcon.colcon_core.package_identification:_identify(src/vision_bot) by extension 'colcon_pkg'
[1.196s] Level 1:colcon.colcon_core.package_identification:_identify(src/vision_bot) by extensions ['colcon_meta']
[1.196s] Level 1:colcon.colcon_core.package_identification:_identify(src/vision_bot) by extension 'colcon_meta'
[1.196s] Level 1:colcon.colcon_core.package_identification:_identify(src/vision_bot) by extensions ['ros']
[1.196s] Level 1:colcon.colcon_core.package_identification:_identify(src/vision_bot) by extension 'ros'
[1.217s] DEBUG:colcon.colcon_core.package_identification:Package 'src/vision_bot' with type 'ros.ament_python' and name 'vision_bot'
[1.218s] Level 1:colcon.colcon_core.package_discovery:discover_packages(recursive) using defaults
[1.221s] Level 1:colcon.colcon_core.package_discovery:discover_packages(ignore) discover
[1.221s] Level 1:colcon.colcon_core.package_discovery:discover_packages(ignore) using defaults
[1.221s] Level 1:colcon.colcon_core.package_discovery:discover_packages(path) discover
[1.221s] Level 1:colcon.colcon_core.package_discovery:discover_packages(path) using defaults
[1.283s] Level 1:colcon.colcon_core.package_discovery:discover_packages(prefix_path) check parameters
[1.283s] Level 1:colcon.colcon_core.package_discovery:discover_packages(prefix_path) discover
[1.301s] DEBUG:colcon.colcon_installed_package_information.package_discovery:Found 1 installed packages in /home/oshii/sim_ws/install
[1.304s] DEBUG:colcon.colcon_installed_package_information.package_discovery:Found 1 installed packages in /home/oshii/navforge_ws/install
[1.308s] DEBUG:colcon.colcon_installed_package_information.package_discovery:Found 438 installed packages in /opt/ros/humble
[1.311s] Level 1:colcon.colcon_core.package_discovery:discover_packages(prefix_path) using defaults
[1.456s] Level 5:colcon.colcon_core.verb:set package 'vision_bot' build argument 'cmake_args' from command line to 'None'
[1.457s] Level 5:colcon.colcon_core.verb:set package 'vision_bot' build argument 'cmake_target' from command line to 'None'
[1.457s] Level 5:colcon.colcon_core.verb:set package 'vision_bot' build argument 'cmake_target_skip_unavailable' from command line to 'False'
[1.457s] Level 5:colcon.colcon_core.verb:set package 'vision_bot' build argument 'cmake_clean_cache' from command line to 'False'
[1.458s] Level 5:colcon.colcon_core.verb:set package 'vision_bot' build argument 'cmake_clean_first' from command line to 'False'
[1.458s] Level 5:colcon.colcon_core.verb:set package 'vision_bot' build argument 'cmake_force_configure' from command line to 'False'
[1.458s] Level 5:colcon.colcon_core.verb:set package 'vision_bot' build argument 'ament_cmake_args' from command line to 'None'
[1.458s] Level 5:colcon.colcon_core.verb:set package 'vision_bot' build argument 'catkin_cmake_args' from command line to 'None'
[1.459s] Level 5:colcon.colcon_core.verb:set package 'vision_bot' build argument 'catkin_skip_building_tests' from command line to 'False'
[1.459s] DEBUG:colcon.colcon_core.verb:Building package 'vision_bot' with the following arguments: {'ament_cmake_args': None, 'build_base': '/home/oshii/sim_ws/build/vision_bot', 'catkin_cmake_args': None, 'catkin_skip_building_tests': False, 'cmake_args': None, 'cmake_clean_cache': False, 'cmake_clean_first': False, 'cmake_force_configure': False, 'cmake_target': None, 'cmake_target_skip_unavailable': False, 'install_base': '/home/oshii/sim_ws/install/vision_bot', 'merge_install': False, 'path': '/home/oshii/sim_ws/src/vision_bot', 'symlink_install': False, 'test_result_base': None}
[1.461s] INFO:colcon.colcon_core.executor:Executing jobs using 'parallel' executor
[1.463s] DEBUG:colcon.colcon_parallel_executor.executor.parallel:run_until_complete
[1.464s] INFO:colcon.colcon_ros.task.ament_python.build:Building ROS package in '/home/oshii/sim_ws/src/vision_bot' with build type 'ament_python'
[1.464s] Level 1:colcon.colcon_core.shell:create_environment_hook('vision_bot', 'ament_prefix_path')
[1.488s] INFO:colcon.colcon_core.plugin_system:Skipping extension 'colcon_core.shell.bat': Not used on non-Windows systems
[1.489s] INFO:colcon.colcon_core.shell:Creating environment hook '/home/oshii/sim_ws/install/vision_bot/share/vision_bot/hook/ament_prefix_path.ps1'
[1.496s] INFO:colcon.colcon_core.shell:Creating environment descriptor '/home/oshii/sim_ws/install/vision_bot/share/vision_bot/hook/ament_prefix_path.dsv'
[1.503s] INFO:colcon.colcon_core.shell:Creating environment hook '/home/oshii/sim_ws/install/vision_bot/share/vision_bot/hook/ament_prefix_path.sh'
[1.507s] INFO:colcon.colcon_core.shell:Skip shell extension 'powershell' for command environment: Not usable outside of PowerShell
[1.507s] DEBUG:colcon.colcon_core.shell:Skip shell extension 'dsv' for command environment
[2.944s] INFO:colcon.colcon_core.task.python.build:Building Python package in '/home/oshii/sim_ws/src/vision_bot'
[2.946s] INFO:colcon.colcon_core.shell:Skip shell extension 'powershell' for command environment: Not usable outside of PowerShell
[2.948s] DEBUG:colcon.colcon_core.shell:Skip shell extension 'dsv' for command environment
[4.837s] DEBUG:colcon.colcon_core.event_handler.log_command:Invoking command in '/home/oshii/sim_ws/src/vision_bot': PYTHONPATH=/home/oshii/sim_ws/build/vision_bot/prefix_override:/usr/lib/python3/dist-packages/colcon_core/task/python/colcon_distutils_commands:/home/oshii/sim_ws/install/vision_bot/lib/python3.10/site-packages:${PYTHONPATH} /usr/bin/python3 -W ignore:setup.py install is deprecated -W ignore:easy_install command is deprecated setup.py egg_info --egg-base ../../build/vision_bot build --build-base /home/oshii/sim_ws/build/vision_bot/build install --record /home/oshii/sim_ws/build/vision_bot/install.log --single-version-externally-managed install_data
[6.555s] DEBUG:colcon.colcon_core.event_handler.log_command:Invoked command in '/home/oshii/sim_ws/src/vision_bot' returned '0': PYTHONPATH=/home/oshii/sim_ws/build/vision_bot/prefix_override:/usr/lib/python3/dist-packages/colcon_core/task/python/colcon_distutils_commands:/home/oshii/sim_ws/install/vision_bot/lib/python3.10/site-packages:${PYTHONPATH} /usr/bin/python3 -W ignore:setup.py install is deprecated -W ignore:easy_install command is deprecated setup.py egg_info --egg-base ../../build/vision_bot build --build-base /home/oshii/sim_ws/build/vision_bot/build install --record /home/oshii/sim_ws/build/vision_bot/install.log --single-version-externally-managed install_data
[6.563s] Level 1:colcon.colcon_core.environment:checking '/home/oshii/sim_ws/install/vision_bot' for CMake module files
[6.563s] Level 1:colcon.colcon_core.environment:checking '/home/oshii/sim_ws/install/vision_bot' for CMake config files
[6.564s] Level 1:colcon.colcon_core.environment:checking '/home/oshii/sim_ws/install/vision_bot/lib'
[6.565s] Level 1:colcon.colcon_core.environment:checking '/home/oshii/sim_ws/install/vision_bot/bin'
[6.565s] Level 1:colcon.colcon_core.environment:checking '/home/oshii/sim_ws/install/vision_bot/lib/pkgconfig/vision_bot.pc'
[6.565s] Level 1:colcon.colcon_core.environment:checking '/home/oshii/sim_ws/install/vision_bot/lib/python3.10/site-packages'
[6.565s] Level 1:colcon.colcon_core.shell:create_environment_hook('vision_bot', 'pythonpath')
[6.565s] INFO:colcon.colcon_core.shell:Creating environment hook '/home/oshii/sim_ws/install/vision_bot/share/vision_bot/hook/pythonpath.ps1'
[6.566s] INFO:colcon.colcon_core.shell:Creating environment descriptor '/home/oshii/sim_ws/install/vision_bot/share/vision_bot/hook/pythonpath.dsv'
[6.576s] INFO:colcon.colcon_core.shell:Creating environment hook '/home/oshii/sim_ws/install/vision_bot/share/vision_bot/hook/pythonpath.sh'
[6.597s] Level 1:colcon.colcon_core.environment:checking '/home/oshii/sim_ws/install/vision_bot/bin'
[6.597s] Level 1:colcon.colcon_core.environment:create_environment_scripts_only(vision_bot)
[6.598s] INFO:colcon.colcon_core.shell:Creating package script '/home/oshii/sim_ws/install/vision_bot/share/vision_bot/package.ps1'
[6.604s] INFO:colcon.colcon_core.shell:Creating package descriptor '/home/oshii/sim_ws/install/vision_bot/share/vision_bot/package.dsv'
[6.614s] INFO:colcon.colcon_core.shell:Creating package script '/home/oshii/sim_ws/install/vision_bot/share/vision_bot/package.sh'
[6.620s] INFO:colcon.colcon_core.shell:Creating package script '/home/oshii/sim_ws/install/vision_bot/share/vision_bot/package.bash'
[6.635s] INFO:colcon.colcon_core.shell:Creating package script '/home/oshii/sim_ws/install/vision_bot/share/vision_bot/package.zsh'
[6.639s] Level 1:colcon.colcon_core.environment:create_file_with_runtime_dependencies(/home/oshii/sim_ws/install/vision_bot/share/colcon-core/packages/vision_bot)
[6.648s] DEBUG:colcon.colcon_parallel_executor.executor.parallel:closing loop
[6.648s] DEBUG:colcon.colcon_parallel_executor.executor.parallel:loop closed
[6.648s] DEBUG:colcon.colcon_parallel_executor.executor.parallel:run_until_complete finished with '0'
[6.648s] DEBUG:colcon.colcon_core.event_reactor:joining thread
[6.657s] INFO:colcon.colcon_core.plugin_system:Skipping extension 'colcon_notification.desktop_notification.terminal_notifier': Not used on non-Darwin systems
[6.657s] INFO:colcon.colcon_core.plugin_system:Skipping extension 'colcon_notification.desktop_notification.win32': Not used on non-Windows systems
[6.657s] INFO:colcon.colcon_notification.desktop_notification:Sending desktop notification using 'notify2'
[6.793s] DEBUG:colcon.colcon_core.event_reactor:joined thread
[6.798s] INFO:colcon.colcon_core.shell:Creating prefix script '/home/oshii/sim_ws/install/local_setup.ps1'
[6.818s] INFO:colcon.colcon_core.shell:Creating prefix util module '/home/oshii/sim_ws/install/_local_setup_util_ps1.py'
[6.847s] INFO:colcon.colcon_core.shell:Creating prefix chain script '/home/oshii/sim_ws/install/setup.ps1'
[6.853s] INFO:colcon.colcon_core.shell:Creating prefix script '/home/oshii/sim_ws/install/local_setup.sh'
[6.862s] INFO:colcon.colcon_core.shell:Creating prefix util module '/home/oshii/sim_ws/install/_local_setup_util_sh.py'
[6.869s] INFO:colcon.colcon_core.shell:Creating prefix chain script '/home/oshii/sim_ws/install/setup.sh'
[6.871s] INFO:colcon.colcon_core.shell:Creating prefix script '/home/oshii/sim_ws/install/local_setup.bash'
[6.875s] INFO:colcon.colcon_core.shell:Creating prefix chain script '/home/oshii/sim_ws/install/setup.bash'
[6.883s] INFO:colcon.colcon_core.shell:Creating prefix script '/home/oshii/sim_ws/install/local_setup.zsh'
[6.885s] INFO:colcon.colcon_core.shell:Creating prefix chain script '/home/oshii/sim_ws/install/setup.zsh'
