[3.930s] Invoking command in '/home/oshii/sim_ws/src/vision_bot': PYTHONPATH=/home/oshii/sim_ws/build/vision_bot/prefix_override:/usr/lib/python3/dist-packages/colcon_core/task/python/colcon_distutils_commands:/home/oshii/sim_ws/install/vision_bot/lib/python3.10/site-packages:${PYTHONPATH} /usr/bin/python3 -W ignore:setup.py install is deprecated -W ignore:easy_install command is deprecated setup.py egg_info --egg-base ../../build/vision_bot build --build-base /home/oshii/sim_ws/build/vision_bot/build install --record /home/oshii/sim_ws/build/vision_bot/install.log --single-version-externally-managed install_data
[5.254s] running egg_info
[5.255s] writing ../../build/vision_bot/vision_bot.egg-info/PKG-INFO
[5.259s] writing dependency_links to ../../build/vision_bot/vision_bot.egg-info/dependency_links.txt
[5.259s] writing entry points to ../../build/vision_bot/vision_bot.egg-info/entry_points.txt
[5.259s] writing requirements to ../../build/vision_bot/vision_bot.egg-info/requires.txt
[5.259s] writing top-level names to ../../build/vision_bot/vision_bot.egg-info/top_level.txt
[5.262s] reading manifest file '../../build/vision_bot/vision_bot.egg-info/SOURCES.txt'
[5.263s] writing manifest file '../../build/vision_bot/vision_bot.egg-info/SOURCES.txt'
[5.265s] running build
[5.265s] running build_py
[5.268s] running install
[5.268s] running install_lib
[5.268s] running install_data
[5.268s] running install_egg_info
[5.274s] removing '/home/oshii/sim_ws/install/vision_bot/lib/python3.10/site-packages/vision_bot-0.0.0-py3.10.egg-info' (and everything under it)
[5.274s] Copying ../../build/vision_bot/vision_bot.egg-info to /home/oshii/sim_ws/install/vision_bot/lib/python3.10/site-packages/vision_bot-0.0.0-py3.10.egg-info
[5.276s] running install_scripts
[5.502s] Installing controller_node script to /home/oshii/sim_ws/install/vision_bot/lib/vision_bot
[5.502s] Installing detector_node script to /home/oshii/sim_ws/install/vision_bot/lib/vision_bot
[5.502s] writing list of installed files to '/home/oshii/sim_ws/build/vision_bot/install.log'
[5.566s] Invoked command in '/home/oshii/sim_ws/src/vision_bot' returned '0': PYTHONPATH=/home/oshii/sim_ws/build/vision_bot/prefix_override:/usr/lib/python3/dist-packages/colcon_core/task/python/colcon_distutils_commands:/home/oshii/sim_ws/install/vision_bot/lib/python3.10/site-packages:${PYTHONPATH} /usr/bin/python3 -W ignore:setup.py install is deprecated -W ignore:easy_install command is deprecated setup.py egg_info --egg-base ../../build/vision_bot build --build-base /home/oshii/sim_ws/build/vision_bot/build install --record /home/oshii/sim_ws/build/vision_bot/install.log --single-version-externally-managed install_data
