[1.961s] DEBUG:colcon:Command line arguments: ['/usr/bin/colcon', 'build']
[1.961s] DEBUG:colcon:Parsed command line arguments: Namespace(log_base=None, log_level=None, verb_name='build', build_base='build', install_base='install', merge_install=False, symlink_install=False, test_result_base=None, continue_on_error=False, executor='parallel', parallel_workers=3, event_handlers=None, ignore_user_meta=False, metas=['./colcon.meta'], base_paths=['.'], packages_ignore=None, packages_ignore_regex=None, paths=None, packages_up_to=None, packages_up_to_regex=None, packages_above=None, packages_above_and_dependencies=None, packages_above_depth=None, packages_select_by_dep=None, packages_skip_by_dep=None, packages_skip_up_to=None, packages_select_build_failed=False, packages_skip_build_finished=False, packages_select_test_failures=False, packages_skip_test_passed=False, packages_select=None, packages_skip=None, packages_select_regex=None, packages_skip_regex=None, packages_start=None, packages_end=None, allow_overriding=[], cmake_args=None, cmake_target=None, cmake_target_skip_unavailable=False, cmake_clean_cache=False, cmake_clean_first=False, cmake_force_configure=False, ament_cmake_args=None, catkin_cmake_args=None, catkin_skip_building_tests=False, mixin_files=None, mixin=None, verb_parser=<colcon_mixin.mixin.mixin_argument.MixinArgumentDecorator object at 0x74b51523c5b0>, verb_extension=<colcon_core.verb.build.BuildVerb object at 0x74b515207b50>, main=<bound method BuildVerb.main of <colcon_core.verb.build.BuildVerb object at 0x74b515207b50>>, mixin_verb=('build',))
[3.248s] Level 1:colcon.colcon_core.package_discovery:discover_packages(colcon_meta) check parameters
[3.248s] Level 1:colcon.colcon_core.package_discovery:discover_packages(recursive) check parameters
[3.248s] Level 1:colcon.colcon_core.package_discovery:discover_packages(ignore) check parameters
[3.249s] Level 1:colcon.colcon_core.package_discovery:discover_packages(path) check parameters
[3.249s] Level 1:colcon.colcon_core.package_discovery:discover_packages(colcon_meta) discover
[3.249s] Level 1:colcon.colcon_core.package_discovery:discover_packages(recursive) discover
[3.249s] INFO:colcon.colcon_core.package_discovery:Crawling recursively for packages in '/home/oshii/sim_ws'
[3.250s] Level 1:colcon.colcon_core.package_identification:_identify(.) by extensions ['ignore', 'ignore_ament_install']
[3.250s] Level 1:colcon.colcon_core.package_identification:_identify(.) by extension 'ignore'
[3.250s] Level 1:colcon.colcon_core.package_identification:_identify(.) by extension 'ignore_ament_install'
[3.250s] Level 1:colcon.colcon_core.package_identification:_identify(.) by extensions ['colcon_pkg']
[3.250s] Level 1:colcon.colcon_core.package_identification:_identify(.) by extension 'colcon_pkg'
[3.251s] Level 1:colcon.colcon_core.package_identification:_identify(.) by extensions ['colcon_meta']
[3.251s] Level 1:colcon.colcon_core.package_identification:_identify(.) by extension 'colcon_meta'
[3.251s] Level 1:colcon.colcon_core.package_identification:_identify(.) by extensions ['ros']
[3.251s] Level 1:colcon.colcon_core.package_identification:_identify(.) by extension 'ros'
[3.321s] Level 1:colcon.colcon_core.package_identification:_identify(.) by extensions ['cmake', 'python']
[3.321s] Level 1:colcon.colcon_core.package_identification:_identify(.) by extension 'cmake'
[3.321s] Level 1:colcon.colcon_core.package_identification:_identify(.) by extension 'python'
[3.321s] Level 1:colcon.colcon_core.package_identification:_identify(.) by extensions ['python_setup_py']
[3.321s] Level 1:colcon.colcon_core.package_identification:_identify(.) by extension 'python_setup_py'
[3.322s] Level 1:colcon.colcon_core.package_identification:_identify(build) by extensions ['ignore', 'ignore_ament_install']
[3.322s] Level 1:colcon.colcon_core.package_identification:_identify(build) by extension 'ignore'
[3.322s] Level 1:colcon.colcon_core.package_identification:_identify(build) ignored
[3.322s] Level 1:colcon.colcon_core.package_identification:_identify(install) by extensions ['ignore', 'ignore_ament_install']
[3.322s] Level 1:colcon.colcon_core.package_identification:_identify(install) by extension 'ignore'
[3.323s] Level 1:colcon.colcon_core.package_identification:_identify(install) ignored
[3.323s] Level 1:colcon.colcon_core.package_identification:_identify(log) by extensions ['ignore', 'ignore_ament_install']
[3.323s] Level 1:colcon.colcon_core.package_identification:_identify(log) by extension 'ignore'
[3.323s] Level 1:colcon.colcon_core.package_identification:_identify(log) ignored
[3.326s] Level 1:colcon.colcon_core.package_identification:_identify(src) by extensions ['ignore', 'ignore_ament_install']
[3.326s] Level 1:colcon.colcon_core.package_identification:_identify(src) by extension 'ignore'
[3.327s] Level 1:colcon.colcon_core.package_identification:_identify(src) by extension 'ignore_ament_install'
[3.327s] Level 1:colcon.colcon_core.package_identification:_identify(src) by extensions ['colcon_pkg']
[3.327s] Level 1:colcon.colcon_core.package_identification:_identify(src) by extension 'colcon_pkg'
[3.327s] Level 1:colcon.colcon_core.package_identification:_identify(src) by extensions ['colcon_meta']
[3.327s] Level 1:colcon.colcon_core.package_identification:_identify(src) by extension 'colcon_meta'
[3.327s] Level 1:colcon.colcon_core.package_identification:_identify(src) by extensions ['ros']
[3.327s] Level 1:colcon.colcon_core.package_identification:_identify(src) by extension 'ros'
[3.327s] Level 1:colcon.colcon_core.package_identification:_identify(src) by extensions ['cmake', 'python']
[3.327s] Level 1:colcon.colcon_core.package_identification:_identify(src) by extension 'cmake'
[3.327s] Level 1:colcon.colcon_core.package_identification:_identify(src) by extension 'python'
[3.327s] Level 1:colcon.colcon_core.package_identification:_identify(src) by extensions ['python_setup_py']
[3.327s] Level 1:colcon.colcon_core.package_identification:_identify(src) by extension 'python_setup_py'
[3.329s] Level 1:colcon.colcon_core.package_identification:_identify(src/vision_bot) by extensions ['ignore', 'ignore_ament_install']
[3.329s] Level 1:colcon.colcon_core.package_identification:_identify(src/vision_bot) by extension 'ignore'
[3.329s] Level 1:colcon.colcon_core.package_identification:_identify(src/vision_bot) by extension 'ignore_ament_install'
[3.329s] Level 1:colcon.colcon_core.package_identification:_identify(src/vision_bot) by extensions ['colcon_pkg']
[3.329s] Level 1:colcon.colcon_core.package_identification:_identify(src/vision_bot) by extension 'colcon_pkg'
[3.329s] Level 1:colcon.colcon_core.package_identification:_identify(src/vision_bot) by extensions ['colcon_meta']
[3.329s] Level 1:colcon.colcon_core.package_identification:_identify(src/vision_bot) by extension 'colcon_meta'
[3.329s] Level 1:colcon.colcon_core.package_identification:_identify(src/vision_bot) by extensions ['ros']
[3.329s] Level 1:colcon.colcon_core.package_identification:_identify(src/vision_bot) by extension 'ros'
[3.342s] DEBUG:colcon.colcon_core.package_identification:Package 'src/vision_bot' with type 'ros.ament_python' and name 'vision_bot'
[3.342s] Level 1:colcon.colcon_core.package_discovery:discover_packages(recursive) using defaults
[3.342s] Level 1:colcon.colcon_core.package_discovery:discover_packages(ignore) discover
[3.342s] Level 1:colcon.colcon_core.package_discovery:discover_packages(ignore) using defaults
[3.342s] Level 1:colcon.colcon_core.package_discovery:discover_packages(path) discover
[3.342s] Level 1:colcon.colcon_core.package_discovery:discover_packages(path) using defaults
[3.502s] Level 1:colcon.colcon_core.package_discovery:discover_packages(prefix_path) check parameters
[3.503s] Level 1:colcon.colcon_core.package_discovery:discover_packages(prefix_path) discover
[3.520s] DEBUG:colcon.colcon_installed_package_information.package_discovery:Found 1 installed packages in /home/oshii/navforge_ws/install
[3.523s] DEBUG:colcon.colcon_installed_package_information.package_discovery:Found 438 installed packages in /opt/ros/humble
[3.531s] Level 1:colcon.colcon_core.package_discovery:discover_packages(prefix_path) using defaults
[3.666s] Level 5:colcon.colcon_core.verb:set package 'vision_bot' build argument 'cmake_args' from command line to 'None'
[3.666s] Level 5:colcon.colcon_core.verb:set package 'vision_bot' build argument 'cmake_target' from command line to 'None'
[3.666s] Level 5:colcon.colcon_core.verb:set package 'vision_bot' build argument 'cmake_target_skip_unavailable' from command line to 'False'
[3.667s] Level 5:colcon.colcon_core.verb:set package 'vision_bot' build argument 'cmake_clean_cache' from command line to 'False'
[3.667s] Level 5:colcon.colcon_core.verb:set package 'vision_bot' build argument 'cmake_clean_first' from command line to 'False'
[3.667s] Level 5:colcon.colcon_core.verb:set package 'vision_bot' build argument 'cmake_force_configure' from command line to 'False'
[3.667s] Level 5:colcon.colcon_core.verb:set package 'vision_bot' build argument 'ament_cmake_args' from command line to 'None'
[3.667s] Level 5:colcon.colcon_core.verb:set package 'vision_bot' build argument 'catkin_cmake_args' from command line to 'None'
[3.667s] Level 5:colcon.colcon_core.verb:set package 'vision_bot' build argument 'catkin_skip_building_tests' from command line to 'False'
[3.667s] DEBUG:colcon.colcon_core.verb:Building package 'vision_bot' with the following arguments: {'ament_cmake_args': None, 'build_base': '/home/oshii/sim_ws/build/vision_bot', 'catkin_cmake_args': None, 'catkin_skip_building_tests': False, 'cmake_args': None, 'cmake_clean_cache': False, 'cmake_clean_first': False, 'cmake_force_configure': False, 'cmake_target': None, 'cmake_target_skip_unavailable': False, 'install_base': '/home/oshii/sim_ws/install/vision_bot', 'merge_install': False, 'path': '/home/oshii/sim_ws/src/vision_bot', 'symlink_install': False, 'test_result_base': None}
[3.667s] INFO:colcon.colcon_core.executor:Executing jobs using 'parallel' executor
[3.670s] DEBUG:colcon.colcon_parallel_executor.executor.parallel:run_until_complete
[3.670s] INFO:colcon.colcon_ros.task.ament_python.build:Building ROS package in '/home/oshii/sim_ws/src/vision_bot' with build type 'ament_python'
[3.670s] Level 1:colcon.colcon_core.shell:create_environment_hook('vision_bot', 'ament_prefix_path')
[3.707s] INFO:colcon.colcon_core.plugin_system:Skipping extension 'colcon_core.shell.bat': Not used on non-Windows systems
[3.708s] INFO:colcon.colcon_core.shell:Creating environment hook '/home/oshii/sim_ws/install/vision_bot/share/vision_bot/hook/ament_prefix_path.ps1'
[3.729s] INFO:colcon.colcon_core.shell:Creating environment descriptor '/home/oshii/sim_ws/install/vision_bot/share/vision_bot/hook/ament_prefix_path.dsv'
[3.734s] INFO:colcon.colcon_core.shell:Creating environment hook '/home/oshii/sim_ws/install/vision_bot/share/vision_bot/hook/ament_prefix_path.sh'
[3.738s] INFO:colcon.colcon_core.shell:Skip shell extension 'powershell' for command environment: Not usable outside of PowerShell
[3.738s] DEBUG:colcon.colcon_core.shell:Skip shell extension 'dsv' for command environment
[4.533s] INFO:colcon.colcon_core.task.python.build:Building Python package in '/home/oshii/sim_ws/src/vision_bot'
[4.534s] INFO:colcon.colcon_core.shell:Skip shell extension 'powershell' for command environment: Not usable outside of PowerShell
[4.534s] DEBUG:colcon.colcon_core.shell:Skip shell extension 'dsv' for command environment
[6.052s] DEBUG:colcon.colcon_core.event_handler.log_command:Invoking command in '/home/oshii/sim_ws/src/vision_bot': PYTHONPATH=/home/oshii/sim_ws/build/vision_bot/prefix_override:/usr/lib/python3/dist-packages/colcon_core/task/python/colcon_distutils_commands:/home/oshii/sim_ws/install/vision_bot/lib/python3.10/site-packages:${PYTHONPATH} /usr/bin/python3 -W ignore:setup.py install is deprecated -W ignore:easy_install command is deprecated setup.py egg_info --egg-base ../../build/vision_bot build --build-base /home/oshii/sim_ws/build/vision_bot/build install --record /home/oshii/sim_ws/build/vision_bot/install.log --single-version-externally-managed install_data
[7.119s] DEBUG:colcon.colcon_core.event_handler.log_command:Invoked command in '/home/oshii/sim_ws/src/vision_bot' returned '0': PYTHONPATH=/home/oshii/sim_ws/build/vision_bot/prefix_override:/usr/lib/python3/dist-packages/colcon_core/task/python/colcon_distutils_commands:/home/oshii/sim_ws/install/vision_bot/lib/python3.10/site-packages:${PYTHONPATH} /usr/bin/python3 -W ignore:setup.py install is deprecated -W ignore:easy_install command is deprecated setup.py egg_info --egg-base ../../build/vision_bot build --build-base /home/oshii/sim_ws/build/vision_bot/build install --record /home/oshii/sim_ws/build/vision_bot/install.log --single-version-externally-managed install_data
[7.170s] Level 1:colcon.colcon_core.environment:checking '/home/oshii/sim_ws/install/vision_bot' for CMake module files
[7.171s] Level 1:colcon.colcon_core.environment:checking '/home/oshii/sim_ws/install/vision_bot' for CMake config files
[7.176s] Level 1:colcon.colcon_core.environment:checking '/home/oshii/sim_ws/install/vision_bot/lib'
[7.176s] Level 1:colcon.colcon_core.environment:checking '/home/oshii/sim_ws/install/vision_bot/bin'
[7.176s] Level 1:colcon.colcon_core.environment:checking '/home/oshii/sim_ws/install/vision_bot/lib/pkgconfig/vision_bot.pc'
[7.177s] Level 1:colcon.colcon_core.environment:checking '/home/oshii/sim_ws/install/vision_bot/lib/python3.10/site-packages'
[7.177s] Level 1:colcon.colcon_core.shell:create_environment_hook('vision_bot', 'pythonpath')
[7.178s] INFO:colcon.colcon_core.shell:Creating environment hook '/home/oshii/sim_ws/install/vision_bot/share/vision_bot/hook/pythonpath.ps1'
[7.179s] INFO:colcon.colcon_core.shell:Creating environment descriptor '/home/oshii/sim_ws/install/vision_bot/share/vision_bot/hook/pythonpath.dsv'
[7.180s] INFO:colcon.colcon_core.shell:Creating environment hook '/home/oshii/sim_ws/install/vision_bot/share/vision_bot/hook/pythonpath.sh'
[7.184s] Level 1:colcon.colcon_core.environment:checking '/home/oshii/sim_ws/install/vision_bot/bin'
[7.184s] Level 1:colcon.colcon_core.environment:create_environment_scripts_only(vision_bot)
[7.185s] INFO:colcon.colcon_core.shell:Creating package script '/home/oshii/sim_ws/install/vision_bot/share/vision_bot/package.ps1'
[7.192s] INFO:colcon.colcon_core.shell:Creating package descriptor '/home/oshii/sim_ws/install/vision_bot/share/vision_bot/package.dsv'
[7.202s] INFO:colcon.colcon_core.shell:Creating package script '/home/oshii/sim_ws/install/vision_bot/share/vision_bot/package.sh'
[7.206s] INFO:colcon.colcon_core.shell:Creating package script '/home/oshii/sim_ws/install/vision_bot/share/vision_bot/package.bash'
[7.212s] INFO:colcon.colcon_core.shell:Creating package script '/home/oshii/sim_ws/install/vision_bot/share/vision_bot/package.zsh'
[7.219s] Level 1:colcon.colcon_core.environment:create_file_with_runtime_dependencies(/home/oshii/sim_ws/install/vision_bot/share/colcon-core/packages/vision_bot)
[7.220s] DEBUG:colcon.colcon_parallel_executor.executor.parallel:closing loop
[7.221s] DEBUG:colcon.colcon_parallel_executor.executor.parallel:loop closed
[7.221s] DEBUG:colcon.colcon_parallel_executor.executor.parallel:run_until_complete finished with '0'
[7.221s] DEBUG:colcon.colcon_core.event_reactor:joining thread
[7.262s] INFO:colcon.colcon_core.plugin_system:Skipping extension 'colcon_notification.desktop_notification.terminal_notifier': Not used on non-Darwin systems
[7.262s] INFO:colcon.colcon_core.plugin_system:Skipping extension 'colcon_notification.desktop_notification.win32': Not used on non-Windows systems
[7.263s] INFO:colcon.colcon_notification.desktop_notification:Sending desktop notification using 'notify2'
[7.345s] DEBUG:colcon.colcon_core.event_reactor:joined thread
[7.346s] INFO:colcon.colcon_core.shell:Creating prefix script '/home/oshii/sim_ws/install/local_setup.ps1'
[7.352s] INFO:colcon.colcon_core.shell:Creating prefix util module '/home/oshii/sim_ws/install/_local_setup_util_ps1.py'
[7.359s] INFO:colcon.colcon_core.shell:Creating prefix chain script '/home/oshii/sim_ws/install/setup.ps1'
[7.369s] INFO:colcon.colcon_core.shell:Creating prefix script '/home/oshii/sim_ws/install/local_setup.sh'
[7.373s] INFO:colcon.colcon_core.shell:Creating prefix util module '/home/oshii/sim_ws/install/_local_setup_util_sh.py'
[7.376s] INFO:colcon.colcon_core.shell:Creating prefix chain script '/home/oshii/sim_ws/install/setup.sh'
[7.380s] INFO:colcon.colcon_core.shell:Creating prefix script '/home/oshii/sim_ws/install/local_setup.bash'
[7.383s] INFO:colcon.colcon_core.shell:Creating prefix chain script '/home/oshii/sim_ws/install/setup.bash'
[7.393s] INFO:colcon.colcon_core.shell:Creating prefix script '/home/oshii/sim_ws/install/local_setup.zsh'
[7.397s] INFO:colcon.colcon_core.shell:Creating prefix chain script '/home/oshii/sim_ws/install/setup.zsh'
