[2.055s] Invoking command in '/home/oshii/sim_ws/src/vision_bot': PYTHONPATH=/home/oshii/sim_ws/build/vision_bot/prefix_override:/usr/lib/python3/dist-packages/colcon_core/task/python/colcon_distutils_commands:/home/oshii/sim_ws/install/vision_bot/lib/python3.10/site-packages:${PYTHONPATH} /usr/bin/python3 -W ignore:setup.py install is deprecated -W ignore:easy_install command is deprecated setup.py egg_info --egg-base ../../build/vision_bot build --build-base /home/oshii/sim_ws/build/vision_bot/build install --record /home/oshii/sim_ws/build/vision_bot/install.log --single-version-externally-managed install_data
[2.915s] running egg_info
[2.916s] writing ../../build/vision_bot/vision_bot.egg-info/PKG-INFO
[2.925s] writing dependency_links to ../../build/vision_bot/vision_bot.egg-info/dependency_links.txt
[2.925s] writing entry points to ../../build/vision_bot/vision_bot.egg-info/entry_points.txt
[2.925s] writing requirements to ../../build/vision_bot/vision_bot.egg-info/requires.txt
[2.927s] writing top-level names to ../../build/vision_bot/vision_bot.egg-info/top_level.txt
[2.930s] reading manifest file '../../build/vision_bot/vision_bot.egg-info/SOURCES.txt'
[2.930s] writing manifest file '../../build/vision_bot/vision_bot.egg-info/SOURCES.txt'
[2.932s] running build
[2.932s] running build_py
[2.932s] copying vision_bot/detector_node.py -> /home/oshii/sim_ws/build/vision_bot/build/lib/vision_bot
[2.932s] running install
[2.936s] running install_lib
[2.936s] copying /home/oshii/sim_ws/build/vision_bot/build/lib/vision_bot/detector_node.py -> /home/oshii/sim_ws/install/vision_bot/lib/python3.10/site-packages/vision_bot
[2.940s] byte-compiling /home/oshii/sim_ws/install/vision_bot/lib/python3.10/site-packages/vision_bot/detector_node.py to detector_node.cpython-310.pyc
[2.944s] running install_data
[2.944s] running install_egg_info
[2.957s] removing '/home/oshii/sim_ws/install/vision_bot/lib/python3.10/site-packages/vision_bot-0.0.0-py3.10.egg-info' (and everything under it)
[2.958s] Copying ../../build/vision_bot/vision_bot.egg-info to /home/oshii/sim_ws/install/vision_bot/lib/python3.10/site-packages/vision_bot-0.0.0-py3.10.egg-info
[2.965s] running install_scripts
[3.010s] Installing controller_node script to /home/oshii/sim_ws/install/vision_bot/lib/vision_bot
[3.019s] Installing detector_node script to /home/oshii/sim_ws/install/vision_bot/lib/vision_bot
[3.026s] writing list of installed files to '/home/oshii/sim_ws/build/vision_bot/install.log'
[3.225s] Invoked command in '/home/oshii/sim_ws/src/vision_bot' returned '0': PYTHONPATH=/home/oshii/sim_ws/build/vision_bot/prefix_override:/usr/lib/python3/dist-packages/colcon_core/task/python/colcon_distutils_commands:/home/oshii/sim_ws/install/vision_bot/lib/python3.10/site-packages:${PYTHONPATH} /usr/bin/python3 -W ignore:setup.py install is deprecated -W ignore:easy_install command is deprecated setup.py egg_info --egg-base ../../build/vision_bot build --build-base /home/oshii/sim_ws/build/vision_bot/build install --record /home/oshii/sim_ws/build/vision_bot/install.log --single-version-externally-managed install_data
