running egg_info
creating ../../build/vision_bot/vision_bot.egg-info
writing ../../build/vision_bot/vision_bot.egg-info/PKG-INFO
writing dependency_links to ../../build/vision_bot/vision_bot.egg-info/dependency_links.txt
writing entry points to ../../build/vision_bot/vision_bot.egg-info/entry_points.txt
writing requirements to ../../build/vision_bot/vision_bot.egg-info/requires.txt
writing top-level names to ../../build/vision_bot/vision_bot.egg-info/top_level.txt
writing manifest file '../../build/vision_bot/vision_bot.egg-info/SOURCES.txt'
reading manifest file '../../build/vision_bot/vision_bot.egg-info/SOURCES.txt'
writing manifest file '../../build/vision_bot/vision_bot.egg-info/SOURCES.txt'
running build
running build_py
creating /home/oshii/sim_ws/build/vision_bot/build
creating /home/oshii/sim_ws/build/vision_bot/build/lib
creating /home/oshii/sim_ws/build/vision_bot/build/lib/vision_bot
copying vision_bot/__init__.py -> /home/oshii/sim_ws/build/vision_bot/build/lib/vision_bot
copying vision_bot/controller_node.py -> /home/oshii/sim_ws/build/vision_bot/build/lib/vision_bot
copying vision_bot/detector_node.py -> /home/oshii/sim_ws/build/vision_bot/build/lib/vision_bot
running install
running install_lib
creating /home/oshii/sim_ws/install/vision_bot/lib/python3.10/site-packages/vision_bot
copying /home/oshii/sim_ws/build/vision_bot/build/lib/vision_bot/__init__.py -> /home/oshii/sim_ws/install/vision_bot/lib/python3.10/site-packages/vision_bot
copying /home/oshii/sim_ws/build/vision_bot/build/lib/vision_bot/controller_node.py -> /home/oshii/sim_ws/install/vision_bot/lib/python3.10/site-packages/vision_bot
copying /home/oshii/sim_ws/build/vision_bot/build/lib/vision_bot/detector_node.py -> /home/oshii/sim_ws/install/vision_bot/lib/python3.10/site-packages/vision_bot
byte-compiling /home/oshii/sim_ws/install/vision_bot/lib/python3.10/site-packages/vision_bot/__init__.py to __init__.cpython-310.pyc
byte-compiling /home/oshii/sim_ws/install/vision_bot/lib/python3.10/site-packages/vision_bot/controller_node.py to controller_node.cpython-310.pyc
byte-compiling /home/oshii/sim_ws/install/vision_bot/lib/python3.10/site-packages/vision_bot/detector_node.py to detector_node.cpython-310.pyc
running install_data
creating /home/oshii/sim_ws/install/vision_bot/share/ament_index
creating /home/oshii/sim_ws/install/vision_bot/share/ament_index/resource_index
creating /home/oshii/sim_ws/install/vision_bot/share/ament_index/resource_index/packages
copying resource/vision_bot -> /home/oshii/sim_ws/install/vision_bot/share/ament_index/resource_index/packages
copying package.xml -> /home/oshii/sim_ws/install/vision_bot/share/vision_bot
running install_egg_info
Copying ../../build/vision_bot/vision_bot.egg-info to /home/oshii/sim_ws/install/vision_bot/lib/python3.10/site-packages/vision_bot-0.0.0-py3.10.egg-info
running install_scripts
writing list of installed files to '/home/oshii/sim_ws/build/vision_bot/install.log'
