running egg_info
writing ../../build/vision_bot/vision_bot.egg-info/PKG-INFO
writing dependency_links to ../../build/vision_bot/vision_bot.egg-info/dependency_links.txt
writing entry points to ../../build/vision_bot/vision_bot.egg-info/entry_points.txt
writing requirements to ../../build/vision_bot/vision_bot.egg-info/requires.txt
writing top-level names to ../../build/vision_bot/vision_bot.egg-info/top_level.txt
reading manifest file '../../build/vision_bot/vision_bot.egg-info/SOURCES.txt'
writing manifest file '../../build/vision_bot/vision_bot.egg-info/SOURCES.txt'
running build
running build_py
running install
running install_lib
running install_data
running install_egg_info
removing '/home/oshii/sim_ws/install/vision_bot/lib/python3.10/site-packages/vision_bot-0.0.0-py3.10.egg-info' (and everything under it)
Copying ../../build/vision_bot/vision_bot.egg-info to /home/oshii/sim_ws/install/vision_bot/lib/python3.10/site-packages/vision_bot-0.0.0-py3.10.egg-info
running install_scripts
Installing controller script to /home/oshii/sim_ws/install/vision_bot/lib/vision_bot
Installing detector script to /home/oshii/sim_ws/install/vision_bot/lib/vision_bot
writing list of installed files to '/home/oshii/sim_ws/build/vision_bot/install.log'
