[1.543s] Invoking command in '/home/oshii/sim_ws/src/vision_bot': PYTHONPATH=/home/oshii/sim_ws/build/vision_bot/prefix_override:/usr/lib/python3/dist-packages/colcon_core/task/python/colcon_distutils_commands:/home/oshii/sim_ws/install/vision_bot/lib/python3.10/site-packages:${PYTHONPATH} /usr/bin/python3 -W ignore:setup.py install is deprecated -W ignore:easy_install command is deprecated setup.py egg_info --egg-base ../../build/vision_bot build --build-base /home/oshii/sim_ws/build/vision_bot/build install --record /home/oshii/sim_ws/build/vision_bot/install.log --single-version-externally-managed install_data
[1.958s] running egg_info
[1.958s] writing ../../build/vision_bot/vision_bot.egg-info/PKG-INFO
[1.960s] writing dependency_links to ../../build/vision_bot/vision_bot.egg-info/dependency_links.txt
[1.961s] writing entry points to ../../build/vision_bot/vision_bot.egg-info/entry_points.txt
[1.962s] writing requirements to ../../build/vision_bot/vision_bot.egg-info/requires.txt
[1.962s] writing top-level names to ../../build/vision_bot/vision_bot.egg-info/top_level.txt
[1.967s] reading manifest file '../../build/vision_bot/vision_bot.egg-info/SOURCES.txt'
[1.968s] writing manifest file '../../build/vision_bot/vision_bot.egg-info/SOURCES.txt'
[1.968s] running build
[1.968s] running build_py
[1.969s] copying vision_bot/detector_node.py -> /home/oshii/sim_ws/build/vision_bot/build/lib/vision_bot
[1.969s] running install
[1.970s] running install_lib
[1.971s] copying /home/oshii/sim_ws/build/vision_bot/build/lib/vision_bot/detector_node.py -> /home/oshii/sim_ws/install/vision_bot/lib/python3.10/site-packages/vision_bot
[1.972s] byte-compiling /home/oshii/sim_ws/install/vision_bot/lib/python3.10/site-packages/vision_bot/detector_node.py to detector_node.cpython-310.pyc
[1.974s] running install_data
[1.974s] running install_egg_info
[1.978s] removing '/home/oshii/sim_ws/install/vision_bot/lib/python3.10/site-packages/vision_bot-0.0.0-py3.10.egg-info' (and everything under it)
[1.978s] Copying ../../build/vision_bot/vision_bot.egg-info to /home/oshii/sim_ws/install/vision_bot/lib/python3.10/site-packages/vision_bot-0.0.0-py3.10.egg-info
[1.979s] running install_scripts
[2.004s] Installing controller_node script to /home/oshii/sim_ws/install/vision_bot/lib/vision_bot
[2.004s] Installing detector_node script to /home/oshii/sim_ws/install/vision_bot/lib/vision_bot
[2.010s] writing list of installed files to '/home/oshii/sim_ws/build/vision_bot/install.log'
[2.052s] Invoked command in '/home/oshii/sim_ws/src/vision_bot' returned '0': PYTHONPATH=/home/oshii/sim_ws/build/vision_bot/prefix_override:/usr/lib/python3/dist-packages/colcon_core/task/python/colcon_distutils_commands:/home/oshii/sim_ws/install/vision_bot/lib/python3.10/site-packages:${PYTHONPATH} /usr/bin/python3 -W ignore:setup.py install is deprecated -W ignore:easy_install command is deprecated setup.py egg_info --egg-base ../../build/vision_bot build --build-base /home/oshii/sim_ws/build/vision_bot/build install --record /home/oshii/sim_ws/build/vision_bot/install.log --single-version-externally-managed install_data
