[2.313s] Invoking command in '/home/oshii/sim_ws/src/vision_bot': PYTHONPATH=/home/oshii/sim_ws/build/vision_bot/prefix_override:/usr/lib/python3/dist-packages/colcon_core/task/python/colcon_distutils_commands:/home/oshii/sim_ws/install/vision_bot/lib/python3.10/site-packages:${PYTHONPATH} /usr/bin/python3 -W ignore:setup.py install is deprecated -W ignore:easy_install command is deprecated setup.py egg_info --egg-base ../../build/vision_bot build --build-base /home/oshii/sim_ws/build/vision_bot/build install --record /home/oshii/sim_ws/build/vision_bot/install.log --single-version-externally-managed install_data
[2.908s] running egg_info
[2.910s] writing ../../build/vision_bot/vision_bot.egg-info/PKG-INFO
[2.912s] writing dependency_links to ../../build/vision_bot/vision_bot.egg-info/dependency_links.txt
[2.916s] writing entry points to ../../build/vision_bot/vision_bot.egg-info/entry_points.txt
[2.917s] writing requirements to ../../build/vision_bot/vision_bot.egg-info/requires.txt
[2.918s] writing top-level names to ../../build/vision_bot/vision_bot.egg-info/top_level.txt
[2.924s] reading manifest file '../../build/vision_bot/vision_bot.egg-info/SOURCES.txt'
[2.928s] writing manifest file '../../build/vision_bot/vision_bot.egg-info/SOURCES.txt'
[2.928s] running build
[2.929s] running build_py
[2.933s] running install
[2.933s] running install_lib
[2.938s] running install_data
[2.942s] running install_egg_info
[2.946s] removing '/home/oshii/sim_ws/install/vision_bot/lib/python3.10/site-packages/vision_bot-0.0.0-py3.10.egg-info' (and everything under it)
[2.947s] Copying ../../build/vision_bot/vision_bot.egg-info to /home/oshii/sim_ws/install/vision_bot/lib/python3.10/site-packages/vision_bot-0.0.0-py3.10.egg-info
[2.951s] running install_scripts
[2.993s] Installing controller_node script to /home/oshii/sim_ws/install/vision_bot/lib/vision_bot
[2.997s] Installing detector_node script to /home/oshii/sim_ws/install/vision_bot/lib/vision_bot
[2.998s] writing list of installed files to '/home/oshii/sim_ws/build/vision_bot/install.log'
[3.057s] Invoked command in '/home/oshii/sim_ws/src/vision_bot' returned '0': PYTHONPATH=/home/oshii/sim_ws/build/vision_bot/prefix_override:/usr/lib/python3/dist-packages/colcon_core/task/python/colcon_distutils_commands:/home/oshii/sim_ws/install/vision_bot/lib/python3.10/site-packages:${PYTHONPATH} /usr/bin/python3 -W ignore:setup.py install is deprecated -W ignore:easy_install command is deprecated setup.py egg_info --egg-base ../../build/vision_bot build --build-base /home/oshii/sim_ws/build/vision_bot/build install --record /home/oshii/sim_ws/build/vision_bot/install.log --single-version-externally-managed install_data
